Godot Engine v4.4.1.stable.official.49a5bc7b6 - https://godotengine.org

first_scan_filesystem: begin: Project initialization steps: 5
	first_scan_filesystem: step 0: Scanning file structure...
	first_scan_filesystem: step 1: Loading global class names...
	first_scan_filesystem: step 2: Verifying GDExtensions...
	first_scan_filesystem: step 3: Creating autoload scripts...
	first_scan_filesystem: step 4: Initializing plugins...
	first_scan_filesystem: step 5: Starting file scan...
first_scan_filesystem: end
_update_scan_actions: begin: Scanning actions... steps: 37
	_update_scan_actions: step 0: ashpriest_walk_codex_n.png
	_update_scan_actions: step 1: ashpriest_walk_codex_s.png
	_update_scan_actions: step 2: auroch_minotaur_walk_codex_n.png
	_update_scan_actions: step 3: auroch_minotaur_walk_codex_s.png
	_update_scan_actions: step 4: blightwolf_walk.png
	_update_scan_actions: step 5: choirmother_walk_codex_n.png
	_update_scan_actions: step 6: echo_death.png
	_update_scan_actions: step 7: echo_walk_codex_e.png
	_update_scan_actions: step 8: echo_walk_codex_n.png
	_update_scan_actions: step 9: echo_walk_codex_ne.png
	_update_scan_actions: step 10: echo_walk_codex_nw.png
	_update_scan_actions: step 11: echo_walk_codex_se.png
	_update_scan_actions: step 12: echo_walk_codex_sw.png
	_update_scan_actions: step 13: echo_walk_codex_w.png
	_update_scan_actions: step 14: hrolgar_walk_codex_e.png
	_update_scan_actions: step 15: hrolgar_walk_codex_n.png
	_update_scan_actions: step 16: hrolgar_walk_codex_ne.png
	_update_scan_actions: step 17: hrolgar_walk_codex_nw.png
	_update_scan_actions: step 18: hrolgar_walk_codex_se.png
	_update_scan_actions: step 19: hrolgar_walk_codex_sw.png
	_update_scan_actions: step 20: hrolgar_walk_codex_w.png
	_update_scan_actions: step 21: nullwarden_walk_codex_s.png
	_update_scan_actions: step 22: rotmaw_walk_codex_e.png
	_update_scan_actions: step 23: rotmaw_walk_codex_ne.png
	_update_scan_actions: step 24: rotmaw_walk_codex_nw.png
	_update_scan_actions: step 25: rotmaw_walk_codex_se.png
	_update_scan_actions: step 26: rotmaw_walk_codex_sw.png
	_update_scan_actions: step 27: rotmaw_walk_codex_w.png
	_update_scan_actions: step 28: stormmouth_walk_codex_s.png
	_update_scan_actions: step 29: vargoth_walk_codex_e.png
	_update_scan_actions: step 30: vargoth_walk_codex_ne.png
	_update_scan_actions: step 31: vargoth_walk_codex_nw.png
	_update_scan_actions: step 32: vargoth_walk_codex_se.png
	_update_scan_actions: step 33: vargoth_walk_codex_sw.png
	_update_scan_actions: step 34: vargoth_walk_codex_w.png
	_update_scan_actions: step 35: void_hound_walk.png
	_update_scan_actions: step 36: wolf_walk.png
_update_scan_actions: end
reimport: begin: (Re)Importing Assets steps: 34
	reimport: step 0: Preparing files to reimport...
	reimport: step 1: Preparing files to reimport...
	reimport: step 2: Preparing files to reimport...
	reimport: step 3: Preparing files to reimport...
	reimport: step 4: Preparing files to reimport...
	reimport: step 5: Preparing files to reimport...
	reimport: step 6: Preparing files to reimport...
	reimport: step 7: Preparing files to reimport...
	reimport: step 8: Preparing files to reimport...
	reimport: step 9: Preparing files to reimport...
	reimport: step 10: Preparing files to reimport...
	reimport: step 11: Preparing files to reimport...
	reimport: step 12: Preparing files to reimport...
	reimport: step 13: Preparing files to reimport...
	reimport: step 14: Preparing files to reimport...
	reimport: step 15: Preparing files to reimport...
	reimport: step 16: Preparing files to reimport...
	reimport: step 17: Preparing files to reimport...
	reimport: step 18: Preparing files to reimport...
	reimport: step 19: Preparing files to reimport...
	reimport: step 20: Preparing files to reimport...
	reimport: step 21: Preparing files to reimport...
	reimport: step 22: Preparing files to reimport...
	reimport: step 23: Preparing files to reimport...
	reimport: step 24: Preparing files to reimport...
	reimport: step 25: Preparing files to reimport...
	reimport: step 26: Preparing files to reimport...
	reimport: step 27: Preparing files to reimport...
	reimport: step 28: Preparing files to reimport...
	reimport: step 29: Preparing files to reimport...
	reimport: step 30: Preparing files to reimport...
	reimport: step 31: Preparing files to reimport...
	reimport: step 32: Preparing files to reimport...
	reimport: step 33: Preparing files to reimport...
	reimport: step 0: Executing pre-reimport operations...
	reimport: step 0: hrolgar_walk_codex_se.png
	reimport: step 1: hrolgar_walk_codex_sw.png
	reimport: step 2: hrolgar_walk_codex_w.png
	reimport: step 3: nullwarden_walk_codex_s.png
	reimport: step 4: rotmaw_walk_codex_e.png
	reimport: step 5: rotmaw_walk_codex_ne.png
	reimport: step 6: rotmaw_walk_codex_nw.png
	reimport: step 7: rotmaw_walk_codex_se.png
	reimport: step 8: rotmaw_walk_codex_sw.png
	reimport: step 9: rotmaw_walk_codex_w.png
	reimport: step 10: stormmouth_walk_codex_s.png
	reimport: step 11: vargoth_walk_codex_e.png
	reimport: step 12: vargoth_walk_codex_ne.png
	reimport: step 13: vargoth_walk_codex_nw.png
	reimport: step 14: vargoth_walk_codex_se.png
	reimport: step 15: vargoth_walk_codex_sw.png
	reimport: step 16: vargoth_walk_codex_w.png
	reimport: step 17: ashpriest_walk_codex_n.png
	reimport: step 18: ashpriest_walk_codex_s.png
	reimport: step 19: auroch_minotaur_walk_codex_n.png
	reimport: step 20: auroch_minotaur_walk_codex_s.png
	reimport: step 21: choirmother_walk_codex_n.png
	reimport: step 22: echo_death.png
	reimport: step 23: echo_walk_codex_e.png
	reimport: step 24: echo_walk_codex_n.png
	reimport: step 25: echo_walk_codex_ne.png
	reimport: step 26: echo_walk_codex_nw.png
	reimport: step 27: echo_walk_codex_se.png
	reimport: step 28: echo_walk_codex_sw.png
	reimport: step 29: echo_walk_codex_w.png
	reimport: step 30: hrolgar_walk_codex_e.png
	reimport: step 31: hrolgar_walk_codex_n.png
	reimport: step 32: hrolgar_walk_codex_ne.png
	reimport: step 33: hrolgar_walk_codex_nw.png
	reimport: step 34: Finalizing Asset Import...
reimport: end
reimport: begin: (Re)Importing Assets steps: 34
	reimport: step 0: Executing post-reimport operations...
reimport: end
loading_editor_layout: begin: Loading editor steps: 5
	loading_editor_layout: step 0: Loading editor layout...
loading_editor_layout: end
