Godot Engine v4.4.1.stable.official.49a5bc7b6 - https://godotengine.org

first_scan_filesystem: begin: Project initialization steps: 5
	first_scan_filesystem: step 0: Scanning file structure...
	first_scan_filesystem: step 1: Loading global class names...
	first_scan_filesystem: step 2: Verifying GDExtensions...
	first_scan_filesystem: step 3: Creating autoload scripts...
	first_scan_filesystem: step 4: Initializing plugins...
	first_scan_filesystem: step 5: Starting file scan...
first_scan_filesystem: end
_update_scan_actions: begin: Scanning actions... steps: 52
	_update_scan_actions: step 0: mage_anim_e.png
	_update_scan_actions: step 1: mage_anim_w.png
	_update_scan_actions: step 2: mage_attack_e.png
	_update_scan_actions: step 3: mage_attack_w.png
	_update_scan_actions: step 4: mage_cast_e.png
	_update_scan_actions: step 5: mage_cast_w.png
	_update_scan_actions: step 6: mage_walk_e.png
	_update_scan_actions: step 7: mage_walk_w.png
	_update_scan_actions: step 8: merchant.png
	_update_scan_actions: step 9: merchant_anim.png
	_update_scan_actions: step 10: merchant_anim_e.png
	_update_scan_actions: step 11: merchant_anim_n.png
	_update_scan_actions: step 12: merchant_anim_ne.png
	_update_scan_actions: step 13: merchant_anim_nw.png
	_update_scan_actions: step 14: merchant_anim_s.png
	_update_scan_actions: step 15: merchant_anim_se.png
	_update_scan_actions: step 16: merchant_anim_sw.png
	_update_scan_actions: step 17: merchant_anim_w.png
	_update_scan_actions: step 18: mummy_mage_walk.png
	_update_scan_actions: step 19: mummy_mage_walk_e.png
	_update_scan_actions: step 20: mummy_mage_walk_n.png
	_update_scan_actions: step 21: mummy_mage_walk_ne.png
	_update_scan_actions: step 22: mummy_mage_walk_nw.png
	_update_scan_actions: step 23: mummy_mage_walk_s.png
	_update_scan_actions: step 24: mummy_mage_walk_se.png
	_update_scan_actions: step 25: mummy_mage_walk_sw.png
	_update_scan_actions: step 26: mummy_mage_walk_w.png
	_update_scan_actions: step 27: mummy_walk.png
	_update_scan_actions: step 28: mummy_walk_e.png
	_update_scan_actions: step 29: mummy_walk_n.png
	_update_scan_actions: step 30: mummy_walk_ne.png
	_update_scan_actions: step 31: mummy_walk_nw.png
	_update_scan_actions: step 32: mummy_walk_s.png
	_update_scan_actions: step 33: mummy_walk_se.png
	_update_scan_actions: step 34: mummy_walk_sw.png
	_update_scan_actions: step 35: mummy_walk_w.png
	_update_scan_actions: step 36: rat_mage_walk.png
	_update_scan_actions: step 37: skeleton_warrior_walk.png
	_update_scan_actions: step 38: skeleton_warrior_walk_e.png
	_update_scan_actions: step 39: skeleton_warrior_walk_n.png
	_update_scan_actions: step 40: skeleton_warrior_walk_ne.png
	_update_scan_actions: step 41: skeleton_warrior_walk_nw.png
	_update_scan_actions: step 42: skeleton_warrior_walk_s.png
	_update_scan_actions: step 43: skeleton_warrior_walk_se.png
	_update_scan_actions: step 44: skeleton_warrior_walk_sw.png
	_update_scan_actions: step 45: skeleton_warrior_walk_w.png
	_update_scan_actions: step 46: spore_shrine.png
	_update_scan_actions: step 47: spore_shrine_anim.png
	_update_scan_actions: step 48: vess_walk_codex_ne.png
	_update_scan_actions: step 49: vess_walk_codex_nw.png
	_update_scan_actions: step 50: vess_walk_codex_se.png
	_update_scan_actions: step 51: vess_walk_codex_sw.png
_update_scan_actions: end
reimport: begin: (Re)Importing Assets steps: 52
	reimport: step 0: Preparing files to reimport...
	reimport: step 1: Preparing files to reimport...
	reimport: step 2: Preparing files to reimport...
	reimport: step 3: Preparing files to reimport...
	reimport: step 4: Preparing files to reimport...
	reimport: step 5: Preparing files to reimport...
	reimport: step 6: Preparing files to reimport...
	reimport: step 7: Preparing files to reimport...
	reimport: step 8: Preparing files to reimport...
	reimport: step 9: Preparing files to reimport...
	reimport: step 10: Preparing files to reimport...
	reimport: step 11: Preparing files to reimport...
	reimport: step 12: Preparing files to reimport...
	reimport: step 13: Preparing files to reimport...
	reimport: step 14: Preparing files to reimport...
	reimport: step 15: Preparing files to reimport...
	reimport: step 16: Preparing files to reimport...
	reimport: step 17: Preparing files to reimport...
	reimport: step 18: Preparing files to reimport...
	reimport: step 19: Preparing files to reimport...
	reimport: step 20: Preparing files to reimport...
	reimport: step 21: Preparing files to reimport...
	reimport: step 22: Preparing files to reimport...
	reimport: step 23: Preparing files to reimport...
	reimport: step 24: Preparing files to reimport...
	reimport: step 25: Preparing files to reimport...
	reimport: step 26: Preparing files to reimport...
	reimport: step 27: Preparing files to reimport...
	reimport: step 28: Preparing files to reimport...
	reimport: step 29: Preparing files to reimport...
	reimport: step 30: Preparing files to reimport...
	reimport: step 31: Preparing files to reimport...
	reimport: step 32: Preparing files to reimport...
	reimport: step 33: Preparing files to reimport...
	reimport: step 34: Preparing files to reimport...
	reimport: step 35: Preparing files to reimport...
	reimport: step 36: Preparing files to reimport...
	reimport: step 37: Preparing files to reimport...
	reimport: step 38: Preparing files to reimport...
	reimport: step 39: Preparing files to reimport...
	reimport: step 40: Preparing files to reimport...
	reimport: step 41: Preparing files to reimport...
	reimport: step 42: Preparing files to reimport...
	reimport: step 43: Preparing files to reimport...
	reimport: step 44: Preparing files to reimport...
	reimport: step 45: Preparing files to reimport...
	reimport: step 46: Preparing files to reimport...
	reimport: step 47: Preparing files to reimport...
	reimport: step 48: Preparing files to reimport...
	reimport: step 49: Preparing files to reimport...
	reimport: step 50: Preparing files to reimport...
	reimport: step 51: Preparing files to reimport...
	reimport: step 0: Executing pre-reimport operations...
	reimport: step 0: mummy_mage_walk_w.png
	reimport: step 1: mummy_walk.png
	reimport: step 2: mummy_walk_e.png
	reimport: step 3: mummy_walk_n.png
	reimport: step 4: mummy_walk_ne.png
	reimport: step 5: mummy_walk_nw.png
	reimport: step 6: mummy_walk_s.png
	reimport: step 7: mummy_walk_se.png
	reimport: step 8: mummy_walk_sw.png
	reimport: step 9: mummy_walk_w.png
	reimport: step 10: rat_mage_walk.png
	reimport: step 11: skeleton_warrior_walk.png
	reimport: step 12: skeleton_warrior_walk_e.png
	reimport: step 13: skeleton_warrior_walk_n.png
	reimport: step 14: skeleton_warrior_walk_ne.png
	reimport: step 15: skeleton_warrior_walk_nw.png
	reimport: step 16: skeleton_warrior_walk_s.png
	reimport: step 17: skeleton_warrior_walk_se.png
	reimport: step 18: skeleton_warrior_walk_sw.png
	reimport: step 19: skeleton_warrior_walk_w.png
	reimport: step 20: spore_shrine.png
	reimport: step 21: spore_shrine_anim.png
	reimport: step 22: vess_walk_codex_ne.png
	reimport: step 23: vess_walk_codex_nw.png
	reimport: step 24: vess_walk_codex_se.png
	reimport: step 25: vess_walk_codex_sw.png
	reimport: step 26: mage_anim_e.png
	reimport: step 27: mage_anim_w.png
	reimport: step 28: mage_attack_e.png
	reimport: step 29: mage_attack_w.png
	reimport: step 30: mage_cast_e.png
	reimport: step 31: mage_cast_w.png
	reimport: step 32: mage_walk_e.png
	reimport: step 33: mage_walk_w.png
	reimport: step 34: merchant.png
	reimport: step 35: merchant_anim.png
	reimport: step 36: merchant_anim_e.png
	reimport: step 37: merchant_anim_n.png
	reimport: step 38: merchant_anim_ne.png
	reimport: step 39: merchant_anim_nw.png
	reimport: step 40: merchant_anim_s.png
	reimport: step 41: merchant_anim_se.png
	reimport: step 42: merchant_anim_sw.png
	reimport: step 43: merchant_anim_w.png
	reimport: step 44: mummy_mage_walk.png
	reimport: step 45: mummy_mage_walk_e.png
	reimport: step 46: mummy_mage_walk_n.png
	reimport: step 47: mummy_mage_walk_ne.png
	reimport: step 48: mummy_mage_walk_nw.png
	reimport: step 49: mummy_mage_walk_s.png
	reimport: step 50: mummy_mage_walk_se.png
	reimport: step 51: mummy_mage_walk_sw.png
	reimport: step 52: Finalizing Asset Import...
reimport: end
reimport: begin: (Re)Importing Assets steps: 52
	reimport: step 0: Executing post-reimport operations...
reimport: end
loading_editor_layout: begin: Loading editor steps: 5
	loading_editor_layout: step 0: Loading editor layout...
loading_editor_layout: end
