Godot Engine v4.4.1.stable.official.49a5bc7b6 - https://godotengine.org

first_scan_filesystem: begin: Project initialization steps: 5
	first_scan_filesystem: step 0: Scanning file structure...
	first_scan_filesystem: step 1: Loading global class names...
	first_scan_filesystem: step 2: Verifying GDExtensions...
	first_scan_filesystem: step 3: Creating autoload scripts...
	first_scan_filesystem: step 4: Initializing plugins...
	first_scan_filesystem: step 5: Starting file scan...
first_scan_filesystem: end
_update_scan_actions: begin: Scanning actions... steps: 4
	_update_scan_actions: step 0: capital_portal_story_anim.png
	_update_scan_actions: step 1: greyrun_lurker_attack.png
	_update_scan_actions: step 2: null_acolyte_attack.png
	_update_scan_actions: step 3: vale_mourner_attack.png
_update_scan_actions: end
reimport: begin: (Re)Importing Assets steps: 4
	reimport: step 0: Preparing files to reimport...
	reimport: step 1: Preparing files to reimport...
	reimport: step 2: Preparing files to reimport...
	reimport: step 3: Preparing files to reimport...
	reimport: step 0: Executing pre-reimport operations...
	reimport: step 0: capital_portal_story_anim.png
	reimport: step 1: greyrun_lurker_attack.png
	reimport: step 2: null_acolyte_attack.png
	reimport: step 3: vale_mourner_attack.png
	reimport: step 4: Finalizing Asset Import...
reimport: end
reimport: begin: (Re)Importing Assets steps: 4
	reimport: step 0: Executing post-reimport operations...
reimport: end
loading_editor_layout: begin: Loading editor steps: 5
	loading_editor_layout: step 0: Loading editor layout...
loading_editor_layout: end
