Godot Engine v4.4.1.stable.official.49a5bc7b6 - https://godotengine.org

first_scan_filesystem: begin: Project initialization steps: 5
	first_scan_filesystem: step 0: Scanning file structure...
	first_scan_filesystem: step 1: Loading global class names...
	first_scan_filesystem: step 2: Verifying GDExtensions...
	first_scan_filesystem: step 3: Creating autoload scripts...
	first_scan_filesystem: step 4: Initializing plugins...
	first_scan_filesystem: step 5: Starting file scan...
first_scan_filesystem: end
_update_scan_actions: begin: Scanning actions... steps: 16
	_update_scan_actions: step 0: cold_pilgrim_walk.png
	_update_scan_actions: step 1: elf_druid_walk_n.png
	_update_scan_actions: step 2: orc_walk_n.png
	_update_scan_actions: step 3: orc_walk_s.png
	_update_scan_actions: step 4: royal_knight_walk_n.png
	_update_scan_actions: step 5: royal_knight_walk_s.png
	_update_scan_actions: step 6: spider_walk_e.png
	_update_scan_actions: step 7: spider_walk_n.png
	_update_scan_actions: step 8: spider_walk_ne.png
	_update_scan_actions: step 9: spider_walk_nw.png
	_update_scan_actions: step 10: spider_walk_s.png
	_update_scan_actions: step 11: spider_walk_se.png
	_update_scan_actions: step 12: spider_walk_sw.png
	_update_scan_actions: step 13: spider_walk_w.png
	_update_scan_actions: step 14: static_caller_walk.png
	_update_scan_actions: step 15: stone_broken_walk_s.png
_update_scan_actions: end
reimport: begin: (Re)Importing Assets steps: 16
	reimport: step 0: Preparing files to reimport...
	reimport: step 1: Preparing files to reimport...
	reimport: step 2: Preparing files to reimport...
	reimport: step 3: Preparing files to reimport...
	reimport: step 4: Preparing files to reimport...
	reimport: step 5: Preparing files to reimport...
	reimport: step 6: Preparing files to reimport...
	reimport: step 7: Preparing files to reimport...
	reimport: step 8: Preparing files to reimport...
	reimport: step 9: Preparing files to reimport...
	reimport: step 10: Preparing files to reimport...
	reimport: step 11: Preparing files to reimport...
	reimport: step 12: Preparing files to reimport...
	reimport: step 13: Preparing files to reimport...
	reimport: step 14: Preparing files to reimport...
	reimport: step 15: Preparing files to reimport...
	reimport: step 0: Executing pre-reimport operations...
	reimport: step 0: cold_pilgrim_walk.png
	reimport: step 1: elf_druid_walk_n.png
	reimport: step 2: orc_walk_n.png
	reimport: step 3: orc_walk_s.png
	reimport: step 4: royal_knight_walk_n.png
	reimport: step 5: royal_knight_walk_s.png
	reimport: step 6: spider_walk_e.png
	reimport: step 7: spider_walk_n.png
	reimport: step 8: spider_walk_ne.png
	reimport: step 9: spider_walk_nw.png
	reimport: step 10: spider_walk_s.png
	reimport: step 11: spider_walk_se.png
	reimport: step 12: spider_walk_sw.png
	reimport: step 13: spider_walk_w.png
	reimport: step 14: static_caller_walk.png
	reimport: step 15: stone_broken_walk_s.png
	reimport: step 16: Finalizing Asset Import...
reimport: end
reimport: begin: (Re)Importing Assets steps: 16
	reimport: step 0: Executing post-reimport operations...
reimport: end
loading_editor_layout: begin: Loading editor steps: 5
	loading_editor_layout: step 0: Loading editor layout...
loading_editor_layout: end
