Godot Engine v4.4.1.stable.official.49a5bc7b6 - https://godotengine.org

first_scan_filesystem: begin: Project initialization steps: 5
	first_scan_filesystem: step 0: Scanning file structure...
	first_scan_filesystem: step 1: Loading global class names...
	first_scan_filesystem: step 2: Verifying GDExtensions...
	first_scan_filesystem: step 3: Creating autoload scripts...
	first_scan_filesystem: step 4: Initializing plugins...
	first_scan_filesystem: step 5: Starting file scan...
first_scan_filesystem: end
_update_scan_actions: begin: Scanning actions... steps: 10
	_update_scan_actions: step 0: cold_pilgrim_death.png
	_update_scan_actions: step 1: cultist_death.png
	_update_scan_actions: step 2: flame_pilgrim_death.png
	_update_scan_actions: step 3: fungus_immature_death.png
	_update_scan_actions: step 4: mummy_rogue_death.png
	_update_scan_actions: step 5: mummy_warrior_death.png
	_update_scan_actions: step 6: rat_rogue_death.png
	_update_scan_actions: step 7: rat_warrior_death.png
	_update_scan_actions: step 8: stormcult_death.png
	_update_scan_actions: step 9: zombie_overweight_death.png
_update_scan_actions: end
reimport: begin: (Re)Importing Assets steps: 9
	reimport: step 0: Preparing files to reimport...
	reimport: step 1: Preparing files to reimport...
	reimport: step 2: Preparing files to reimport...
	reimport: step 3: Preparing files to reimport...
	reimport: step 4: Preparing files to reimport...
	reimport: step 5: Preparing files to reimport...
	reimport: step 6: Preparing files to reimport...
	reimport: step 7: Preparing files to reimport...
	reimport: step 8: Preparing files to reimport...
	reimport: step 0: Executing pre-reimport operations...
	reimport: step 0: cold_pilgrim_death.png
	reimport: step 1: cultist_death.png
	reimport: step 2: flame_pilgrim_death.png
	reimport: step 3: mummy_rogue_death.png
	reimport: step 4: mummy_warrior_death.png
	reimport: step 5: rat_rogue_death.png
	reimport: step 6: rat_warrior_death.png
	reimport: step 7: stormcult_death.png
	reimport: step 8: zombie_overweight_death.png
	reimport: step 9: Finalizing Asset Import...
reimport: end
reimport: begin: (Re)Importing Assets steps: 9
	reimport: step 0: Executing post-reimport operations...
reimport: end
loading_editor_layout: begin: Loading editor steps: 5
	loading_editor_layout: step 0: Loading editor layout...
loading_editor_layout: end
