Godot Engine v4.4.1.stable.official.49a5bc7b6 - https://godotengine.org

first_scan_filesystem: begin: Project initialization steps: 5
	first_scan_filesystem: step 0: Scanning file structure...
	first_scan_filesystem: step 1: Loading global class names...
	first_scan_filesystem: step 2: Verifying GDExtensions...
	first_scan_filesystem: step 3: Creating autoload scripts...
	first_scan_filesystem: step 4: Initializing plugins...
	first_scan_filesystem: step 5: Starting file scan...
first_scan_filesystem: end
_update_scan_actions: begin: Scanning actions... steps: 29
	_update_scan_actions: step 0: korrag_walk_codex_e.png
	_update_scan_actions: step 1: korrag_walk_codex_n.png
	_update_scan_actions: step 2: korrag_walk_codex_ne.png
	_update_scan_actions: step 3: korrag_walk_codex_nw.png
	_update_scan_actions: step 4: korrag_walk_codex_s.png
	_update_scan_actions: step 5: korrag_walk_codex_se.png
	_update_scan_actions: step 6: korrag_walk_codex_sw.png
	_update_scan_actions: step 7: korrag_walk_codex_w.png
	_update_scan_actions: step 8: mage_anim_e.png
	_update_scan_actions: step 9: mage_anim_w.png
	_update_scan_actions: step 10: mage_attack_e.png
	_update_scan_actions: step 11: mage_attack_w.png
	_update_scan_actions: step 12: mage_attack_walk.png
	_update_scan_actions: step 13: mage_attack_walk_s.png
	_update_scan_actions: step 14: mage_cast_e.png
	_update_scan_actions: step 15: mage_cast_w.png
	_update_scan_actions: step 16: nullwarden_anim_codex.png
	_update_scan_actions: step 17: nullwarden_walk_codex_n.png
	_update_scan_actions: step 18: serane_walk_codex_s.png
	_update_scan_actions: step 19: stormmouth_walk_codex_n.png
	_update_scan_actions: step 20: warlock_attack_walk_e.png
	_update_scan_actions: step 21: warlock_attack_walk_n.png
	_update_scan_actions: step 22: warlock_attack_walk_ne.png
	_update_scan_actions: step 23: warlock_attack_walk_nw.png
	_update_scan_actions: step 24: warlock_attack_walk_se.png
	_update_scan_actions: step 25: warlock_attack_walk_sw.png
	_update_scan_actions: step 26: warlock_attack_walk_w.png
	_update_scan_actions: step 27: warlock_walk_e.png
	_update_scan_actions: step 28: warlock_walk_w.png
_update_scan_actions: end
reimport: begin: (Re)Importing Assets steps: 29
	reimport: step 0: Preparing files to reimport...
	reimport: step 1: Preparing files to reimport...
	reimport: step 2: Preparing files to reimport...
	reimport: step 3: Preparing files to reimport...
	reimport: step 4: Preparing files to reimport...
	reimport: step 5: Preparing files to reimport...
	reimport: step 6: Preparing files to reimport...
	reimport: step 7: Preparing files to reimport...
	reimport: step 8: Preparing files to reimport...
	reimport: step 9: Preparing files to reimport...
	reimport: step 10: Preparing files to reimport...
	reimport: step 11: Preparing files to reimport...
	reimport: step 12: Preparing files to reimport...
	reimport: step 13: Preparing files to reimport...
	reimport: step 14: Preparing files to reimport...
	reimport: step 15: Preparing files to reimport...
	reimport: step 16: Preparing files to reimport...
	reimport: step 17: Preparing files to reimport...
	reimport: step 18: Preparing files to reimport...
	reimport: step 19: Preparing files to reimport...
	reimport: step 20: Preparing files to reimport...
	reimport: step 21: Preparing files to reimport...
	reimport: step 22: Preparing files to reimport...
	reimport: step 23: Preparing files to reimport...
	reimport: step 24: Preparing files to reimport...
	reimport: step 25: Preparing files to reimport...
	reimport: step 26: Preparing files to reimport...
	reimport: step 27: Preparing files to reimport...
	reimport: step 28: Preparing files to reimport...
	reimport: step 0: Executing pre-reimport operations...
	reimport: step 0: warlock_walk_w.png
	reimport: step 1: warlock_walk_e.png
	reimport: step 2: warlock_attack_walk_w.png
	reimport: step 3: warlock_attack_walk_sw.png
	reimport: step 4: warlock_attack_walk_se.png
	reimport: step 5: warlock_attack_walk_nw.png
	reimport: step 6: warlock_attack_walk_ne.png
	reimport: step 7: warlock_attack_walk_n.png
	reimport: step 8: warlock_attack_walk_e.png
	reimport: step 9: stormmouth_walk_codex_n.png
	reimport: step 10: serane_walk_codex_s.png
	reimport: step 11: nullwarden_walk_codex_n.png
	reimport: step 12: nullwarden_anim_codex.png
	reimport: step 13: mage_cast_w.png
	reimport: step 14: mage_cast_e.png
	reimport: step 15: mage_attack_walk_s.png
	reimport: step 16: mage_attack_walk.png
	reimport: step 17: mage_attack_w.png
	reimport: step 18: mage_attack_e.png
	reimport: step 19: mage_anim_w.png
	reimport: step 20: mage_anim_e.png
	reimport: step 21: korrag_walk_codex_w.png
	reimport: step 22: korrag_walk_codex_sw.png
	reimport: step 23: korrag_walk_codex_se.png
	reimport: step 24: korrag_walk_codex_s.png
	reimport: step 25: korrag_walk_codex_nw.png
	reimport: step 26: korrag_walk_codex_ne.png
	reimport: step 27: korrag_walk_codex_n.png
	reimport: step 28: korrag_walk_codex_e.png
	reimport: step 29: Finalizing Asset Import...
reimport: end
reimport: begin: (Re)Importing Assets steps: 29
	reimport: step 0: Executing post-reimport operations...
reimport: end
loading_editor_layout: begin: Loading editor steps: 5
	loading_editor_layout: step 0: Loading editor layout...
loading_editor_layout: end
