DRIFT   assets\sprites\ashpriest_walk_codex_n.png  (content differs)
DRIFT   assets\sprites\ashpriest_walk_codex_s.png  (content differs)
DRIFT   assets\sprites\auroch_minotaur_walk_codex_n.png  (content differs)
DRIFT   assets\sprites\auroch_minotaur_walk_codex_s.png  (content differs)
DRIFT   assets\sprites\bandit_scout_walk.png  (content differs)
DRIFT   assets\sprites\blightwolf_walk.png  (content differs)
DRIFT   assets\sprites\bog_lurker_walk.png  (content differs)
DRIFT   assets\sprites\bridge.png  (content differs)
DRIFT   assets\sprites\cactus2.png  (content differs)
DRIFT   assets\sprites\capital_accord_longhouse.png  (content differs)
DRIFT   assets\sprites\capital_accord_longhouse_anim.png  (content differs)
DRIFT   assets\sprites\capital_alembic_station.png  (content differs)
DRIFT   assets\sprites\capital_ashen_tankard.png  (content differs)
DRIFT   assets\sprites\capital_ashen_tankard_anim.png  (content differs)
DRIFT   assets\sprites\capital_ashfire_forge.png  (content differs)
DRIFT   assets\sprites\capital_ashfire_forge_anim.png  (content differs)
DRIFT   assets\sprites\capital_chartered_hall.png  (content differs)
DRIFT   assets\sprites\capital_city_arcade.png  (content differs)
DRIFT   assets\sprites\capital_city_bench.png  (content differs)
DRIFT   assets\sprites\capital_city_directory.png  (content differs)
DRIFT   assets\sprites\capital_crown_fountain.png  (content differs)
DRIFT   assets\sprites\capital_crown_fountain_anim.png  (content differs)
DRIFT   assets\sprites\capital_crown_spire_gate.png  (content differs)
DRIFT   assets\sprites\capital_crown_spire_gate_anim.png  (content differs)
DRIFT   assets\sprites\capital_emberward_gate.png  (content differs)
DRIFT   assets\sprites\capital_emberward_gate_anim.png  (content differs)
DRIFT   assets\sprites\capital_grand_archive.png  (content differs)
DRIFT   assets\sprites\capital_great_hearth.png  (content differs)
DRIFT   assets\sprites\capital_great_hearth_anim.png  (content differs)
DRIFT   assets\sprites\capital_market_stall.png  (content differs)
DRIFT   assets\sprites\capital_portal_crucible.png  (content differs)
DRIFT   assets\sprites\capital_portal_crucible_anim.png  (content differs)
DRIFT   assets\sprites\capital_portal_depths.png  (content differs)
DRIFT   assets\sprites\capital_portal_depths_anim.png  (content differs)
DRIFT   assets\sprites\capital_portal_story.png  (content differs)
DRIFT   assets\sprites\capital_portal_story_anim.png  (content differs)
DRIFT   assets\sprites\capital_proving_gate.png  (content differs)
DRIFT   assets\sprites\capital_proving_gate_anim.png  (content differs)
DRIFT   assets\sprites\capital_rot_chapel.png  (content differs)
DRIFT   assets\sprites\capital_sable_hall.png  (content differs)
MISSING assets\sprites\archer_attack_walk.png  (in game/, not in mobile/game/)
MISSING assets\sprites\archer_attack_walk.png.import  (in game/, not in mobile/game/)
MISSING assets\sprites\archer_attack_walk_e.png  (in game/, not in mobile/game/)
MISSING assets\sprites\archer_attack_walk_e.png.import  (in game/, not in mobile/game/)
MISSING assets\sprites\archer_attack_walk_n.png  (in game/, not in mobile/game/)
MISSING assets\sprites\archer_attack_walk_n.png.import  (in game/, not in mobile/game/)
MISSING assets\sprites\archer_attack_walk_ne.png  (in game/, not in mobile/game/)
MISSING assets\sprites\archer_attack_walk_ne.png.import  (in game/, not in mobile/game/)
MISSING assets\sprites\archer_attack_walk_nw.png  (in game/, not in mobile/game/)
MISSING assets\sprites\archer_attack_walk_nw.png.import  (in game/, not in mobile/game/)
MISSING assets\sprites\archer_attack_walk_s.png  (in game/, not in mobile/game/)
MISSING assets\sprites\archer_attack_walk_s.png.import  (in game/, not in mobile/game/)
MISSING assets\sprites\archer_attack_walk_se.png  (in game/, not in mobile/game/)
MISSING assets\sprites\archer_attack_walk_se.png.import  (in game/, not in mobile/game/)
MISSING assets\sprites\archer_attack_walk_sw.png  (in game/, not in mobile/game/)
MISSING assets\sprites\archer_attack_walk_sw.png.import  (in game/, not in mobile/game/)
MISSING assets\sprites\archer_attack_walk_w.png  (in game/, not in mobile/game/)
MISSING assets\sprites\archer_attack_walk_w.png.import  (in game/, not in mobile/game/)
MISSING assets\sprites\assassin_attack_walk.png  (in game/, not in mobile/game/)
MISSING assets\sprites\assassin_attack_walk.png.import  (in game/, not in mobile/game/)
MISSING assets\sprites\assassin_attack_walk_e.png  (in game/, not in mobile/game/)
MISSING assets\sprites\assassin_attack_walk_e.png.import  (in game/, not in mobile/game/)
MISSING assets\sprites\assassin_attack_walk_n.png  (in game/, not in mobile/game/)
MISSING assets\sprites\assassin_attack_walk_n.png.import  (in game/, not in mobile/game/)
MISSING assets\sprites\assassin_attack_walk_ne.png  (in game/, not in mobile/game/)
MISSING assets\sprites\assassin_attack_walk_ne.png.import  (in game/, not in mobile/game/)
MISSING assets\sprites\assassin_attack_walk_nw.png  (in game/, not in mobile/game/)
MISSING assets\sprites\assassin_attack_walk_nw.png.import  (in game/, not in mobile/game/)
MISSING assets\sprites\assassin_attack_walk_s.png  (in game/, not in mobile/game/)
MISSING assets\sprites\assassin_attack_walk_s.png.import  (in game/, not in mobile/game/)
MISSING assets\sprites\assassin_attack_walk_se.png  (in game/, not in mobile/game/)
MISSING assets\sprites\assassin_attack_walk_se.png.import  (in game/, not in mobile/game/)
MISSING assets\sprites\assassin_attack_walk_sw.png  (in game/, not in mobile/game/)
MISSING assets\sprites\assassin_attack_walk_sw.png.import  (in game/, not in mobile/game/)
MISSING assets\sprites\assassin_attack_walk_w.png  (in game/, not in mobile/game/)
MISSING assets\sprites\assassin_attack_walk_w.png.import  (in game/, not in mobile/game/)
MISSING assets\sprites\kaethra_walk_codex_n.png  (in game/, not in mobile/game/)
MISSING assets\sprites\kaethra_walk_codex_n.png.import  (in game/, not in mobile/game/)
MISSING assets\sprites\mage_attack_walk.png  (in game/, not in mobile/game/)
MISSING assets\sprites\mage_attack_walk.png.import  (in game/, not in mobile/game/)
...     232 more (re-run with --full for the complete list)
EXTRA   assets\sprites\auroch.png  (mobile-only, not in the README delta list)
EXTRA   assets\sprites\auroch.png.import  (mobile-only, not in the README delta list)
EXTRA   assets\sprites\auroch_ability.png  (mobile-only, not in the README delta list)
EXTRA   assets\sprites\auroch_ability.png.import  (mobile-only, not in the README delta list)
EXTRA   assets\sprites\auroch_ability_e.png  (mobile-only, not in the README delta list)
EXTRA   assets\sprites\auroch_ability_e.png.import  (mobile-only, not in the README delta list)
EXTRA   assets\sprites\auroch_ability_n.png  (mobile-only, not in the README delta list)
EXTRA   assets\sprites\auroch_ability_n.png.import  (mobile-only, not in the README delta list)
EXTRA   assets\sprites\auroch_ability_ne.png  (mobile-only, not in the README delta list)
EXTRA   assets\sprites\auroch_ability_ne.png.import  (mobile-only, not in the README delta list)
EXTRA   assets\sprites\auroch_ability_nw.png  (mobile-only, not in the README delta list)
EXTRA   assets\sprites\auroch_ability_nw.png.import  (mobile-only, not in the README delta list)
EXTRA   assets\sprites\auroch_ability_s.png  (mobile-only, not in the README delta list)
EXTRA   assets\sprites\auroch_ability_s.png.import  (mobile-only, not in the README delta list)
EXTRA   assets\sprites\auroch_ability_se.png  (mobile-only, not in the README delta list)
EXTRA   assets\sprites\auroch_ability_se.png.import  (mobile-only, not in the README delta list)
EXTRA   assets\sprites\auroch_ability_sw.png  (mobile-only, not in the README delta list)
EXTRA   assets\sprites\auroch_ability_sw.png.import  (mobile-only, not in the README delta list)
EXTRA   assets\sprites\auroch_ability_w.png  (mobile-only, not in the README delta list)
EXTRA   assets\sprites\auroch_ability_w.png.import  (mobile-only, not in the README delta list)
EXTRA   assets\sprites\auroch_anim.png  (mobile-only, not in the README delta list)
EXTRA   assets\sprites\auroch_anim.png.import  (mobile-only, not in the README delta list)
EXTRA   assets\sprites\auroch_anim_e.png  (mobile-only, not in the README delta list)
EXTRA   assets\sprites\auroch_anim_e.png.import  (mobile-only, not in the README delta list)
EXTRA   assets\sprites\auroch_anim_n.png  (mobile-only, not in the README delta list)
EXTRA   assets\sprites\auroch_anim_n.png.import  (mobile-only, not in the README delta list)
EXTRA   assets\sprites\auroch_anim_ne.png  (mobile-only, not in the README delta list)
EXTRA   assets\sprites\auroch_anim_ne.png.import  (mobile-only, not in the README delta list)
EXTRA   assets\sprites\auroch_anim_nw.png  (mobile-only, not in the README delta list)
EXTRA   assets\sprites\auroch_anim_nw.png.import  (mobile-only, not in the README delta list)
EXTRA   assets\sprites\auroch_anim_s.png  (mobile-only, not in the README delta list)
EXTRA   assets\sprites\auroch_anim_s.png.import  (mobile-only, not in the README delta list)
EXTRA   assets\sprites\auroch_anim_se.png  (mobile-only, not in the README delta list)
EXTRA   assets\sprites\auroch_anim_se.png.import  (mobile-only, not in the README delta list)
EXTRA   assets\sprites\auroch_anim_sw.png  (mobile-only, not in the README delta list)
EXTRA   assets\sprites\auroch_anim_sw.png.import  (mobile-only, not in the README delta list)
EXTRA   assets\sprites\auroch_anim_w.png  (mobile-only, not in the README delta list)
EXTRA   assets\sprites\auroch_anim_w.png.import  (mobile-only, not in the README delta list)
EXTRA   assets\sprites\tree_tall_autumn.png.import  (mobile-only, not in the README delta list)

WARNING: game/ has uncommitted changes (below) -- this sync snapshots them into mobile/game/. If another agent is mid-edit, sync after their work lands.
  M game/assets/fonts/AlegreyaSans-Bold.ttf.import
   M game/assets/fonts/AlegreyaSans-Regular.ttf.import
   M game/assets/fonts/Cinzel-Variable.ttf.import
   M game/assets/fonts/CinzelDecorative-Bold.ttf.import
   M game/assets/fonts/PixelifySans.ttf.import
   M game/assets/icons/a_beastpelt.png.import
   M game/assets/icons/a_beastpelt_A.png.import
   M game/assets/icons/a_beastpelt_B.png.import
   M game/assets/icons/a_beastpelt_S.png.import
   M game/assets/icons/a_blessed_plate.png.import
   M game/assets/icons/a_blessed_plate_A.png.import
   M game/assets/icons/a_blessed_plate_B.png.import
   M game/assets/icons/a_blessed_plate_S.png.import
   M game/assets/icons/a_bloodforged_harness.png.import
   M game/assets/icons/a_bloodforged_harness_A.png.import
kept    assets\sprites\auroch.png  (re-run with --prune to delete; git-recoverable)
kept    assets\sprites\auroch.png.import  (re-run with --prune to delete; git-recoverable)
kept    assets\sprites\auroch_ability.png  (re-run with --prune to delete; git-recoverable)
kept    assets\sprites\auroch_ability.png.import  (re-run with --prune to delete; git-recoverable)
kept    assets\sprites\auroch_ability_e.png  (re-run with --prune to delete; git-recoverable)
kept    assets\sprites\auroch_ability_e.png.import  (re-run with --prune to delete; git-recoverable)
kept    assets\sprites\auroch_ability_n.png  (re-run with --prune to delete; git-recoverable)
kept    assets\sprites\auroch_ability_n.png.import  (re-run with --prune to delete; git-recoverable)
kept    assets\sprites\auroch_ability_ne.png  (re-run with --prune to delete; git-recoverable)
kept    assets\sprites\auroch_ability_ne.png.import  (re-run with --prune to delete; git-recoverable)
kept    assets\sprites\auroch_ability_nw.png  (re-run with --prune to delete; git-recoverable)
kept    assets\sprites\auroch_ability_nw.png.import  (re-run with --prune to delete; git-recoverable)
kept    assets\sprites\auroch_ability_s.png  (re-run with --prune to delete; git-recoverable)
kept    assets\sprites\auroch_ability_s.png.import  (re-run with --prune to delete; git-recoverable)
kept    assets\sprites\auroch_ability_se.png  (re-run with --prune to delete; git-recoverable)
kept    assets\sprites\auroch_ability_se.png.import  (re-run with --prune to delete; git-recoverable)
kept    assets\sprites\auroch_ability_sw.png  (re-run with --prune to delete; git-recoverable)
kept    assets\sprites\auroch_ability_sw.png.import  (re-run with --prune to delete; git-recoverable)
kept    assets\sprites\auroch_ability_w.png  (re-run with --prune to delete; git-recoverable)
kept    assets\sprites\auroch_ability_w.png.import  (re-run with --prune to delete; git-recoverable)
kept    assets\sprites\auroch_anim.png  (re-run with --prune to delete; git-recoverable)
kept    assets\sprites\auroch_anim.png.import  (re-run with --prune to delete; git-recoverable)
kept    assets\sprites\auroch_anim_e.png  (re-run with --prune to delete; git-recoverable)
kept    assets\sprites\auroch_anim_e.png.import  (re-run with --prune to delete; git-recoverable)
kept    assets\sprites\auroch_anim_n.png  (re-run with --prune to delete; git-recoverable)
kept    assets\sprites\auroch_anim_n.png.import  (re-run with --prune to delete; git-recoverable)
kept    assets\sprites\auroch_anim_ne.png  (re-run with --prune to delete; git-recoverable)
kept    assets\sprites\auroch_anim_ne.png.import  (re-run with --prune to delete; git-recoverable)
kept    assets\sprites\auroch_anim_nw.png  (re-run with --prune to delete; git-recoverable)
kept    assets\sprites\auroch_anim_nw.png.import  (re-run with --prune to delete; git-recoverable)
kept    assets\sprites\auroch_anim_s.png  (re-run with --prune to delete; git-recoverable)
kept    assets\sprites\auroch_anim_s.png.import  (re-run with --prune to delete; git-recoverable)
kept    assets\sprites\auroch_anim_se.png  (re-run with --prune to delete; git-recoverable)
kept    assets\sprites\auroch_anim_se.png.import  (re-run with --prune to delete; git-recoverable)
kept    assets\sprites\auroch_anim_sw.png  (re-run with --prune to delete; git-recoverable)
kept    assets\sprites\auroch_anim_sw.png.import  (re-run with --prune to delete; git-recoverable)
kept    assets\sprites\auroch_anim_w.png  (re-run with --prune to delete; git-recoverable)
kept    assets\sprites\auroch_anim_w.png.import  (re-run with --prune to delete; git-recoverable)
kept    assets\sprites\tree_tall_autumn.png.import  (re-run with --prune to delete; git-recoverable)

APPLIED: 312 file(s) synced, 0 pruned.

--gate: importing (close the Godot editor if it's open -- --import contends) ...
GATE FAIL: --import did not finish in 600s (fresh .godot? churning disk? run it by hand once, then re-run --gate)
